s.team
steam.tv
valve.net
clngaa.com
qtlglb.com
comcast.net
steamcdn.com
steamcdn.net
steamstat.us
valvecdn.com
queniuqe.com
steam-api.com
steamchat.com
steamdeck.com
edgesuite.net
steam-chat.com
steamgames.com
steamgames.net
underlords.com
steamserver.net
steamstatic.com
slingshot.co.nz
playartifact.com
steam.cdn.on.net
steamcontent.com
steampowered.com
valvecontent.com
valvesoftware.com
valvesoftware.net
steambroadcast.com
steamcommunity.com
steamusercontent.com
gstore.val.manlaxy.com
steam.cdn.orcon.net.nz
steamdeckusercontent.com
